main.c:181:6:HAL_CAN_RxFifo0MsgPendingCallback	16	static
main.c:232:7:get_temp	16	static
main.c:245:5:main	16	static
main.c:413:6:SystemClock_Config	88	static
main.c:456:13:MX_ADC1_Init	24	static
main.c:550:13:MX_CAN_Init	48	static
main.c:602:13:MX_TIM1_Init	96	static
main.c:685:13:MX_TIM2_Init	64	static
main.c:744:13:MX_TIM3_Init	64	static
main.c:801:13:MX_DMA_Init	16	static
main.c:819:13:MX_GPIO_Init	40	static
main.c:862:6:Hall_Decoder	8	static
main.c:993:6:HAL_GPIO_EXTI_Callback	16	static
main.c:1026:6:HAL_TIM_PeriodElapsedCallback	24	static
main.c:1103:6:Error_Handler	4	static,ignoring_inline_asm
