main.c:153:5:main	64	static
main.c:294:6:SystemClock_Config	88	static
main.c:337:13:MX_ADC1_Init	24	static
main.c:382:13:MX_CAN_Init	8	static
main.c:419:13:MX_SPI1_Init	8	static
main.c:457:13:MX_TIM1_Init	80	static
main.c:530:13:MX_TIM2_Init	64	static
main.c:593:13:MX_GPIO_Init	40	static
main.c:657:6:show_velocity	16	static
main.c:674:6:Hall_Decoder	8	static
main.c:781:6:HAL_ADC_ConvCpltCallback	24	static
main.c:816:6:HAL_GPIO_EXTI_Callback	16	static
main.c:897:6:HAL_TIM_PeriodElapsedCallback	16	static
main.c:912:6:Error_Handler	4	static,ignoring_inline_asm
